ASxxxx Linker V03.00/V05.40 + sdld,  page 1.
Hexadecimal  [32-Bits]

Area                                    Addr        Size        Decimal Bytes (Attributes)
--------------------------------        ----        ----        ------- ----- ------------
CABS                                00000000    00000000 =           0. bytes (ABS,CON,CODE)

      Value  Global                              Global Defined In Module
      -----  --------------------------------   ------------------------
C:   00000000  l_BIT_BANK                      
C:   00000000  l_BSEG                          
C:   00000000  l_BSEG_BYTES                    
C:   00000000  l_CABS                          
C:   00000000  l_GSINIT                        
C:   00000000  l_GSINIT1                       
C:   00000000  l_GSINIT5                       
C:   00000000  l_IABS                          
C:   00000000  l_PSEG                          
C:   00000000  l_REG_BANK_1                    
C:   00000000  l_REG_BANK_2                    
C:   00000000  l_REG_BANK_3                    
C:   00000000  l_RSEG                          
C:   00000000  l_RSEG0                         
C:   00000000  l_RSEG1                         
C:   00000000  l_XABS                          
C:   00000000  l_XINIT                         
C:   00000000  l_XISEG                         
C:   00000000  l_XSEG                          
C:   00000000  l__CODE                         
C:   00000000  s_BSEG                          
C:   00000000  s_CABS                          
C:   00000000  s_DSEG                          
C:   00000000  s_HOME                          
C:   00000000  s_IABS                          
C:   00000000  s_REG_BANK_0                    
C:   00000000  s_RSEG                          
C:   00000000  s_RSEG0                         
C:   00000000  s_RSEG1                         
C:   00000000  s_XABS                          
C:   00000001  s_PSEG                          
C:   00000001  s_XISEG                         
C:   00000001  s_XSEG                          
C:   00000003  l_GSFINAL                       
C:   00000003  l_GSINIT0                       
C:   00000003  l_OSEG                          
C:   00000006  l_ISEG                          
C:   00000008  l_REG_BANK_0                    
C:   00000008  s_REG_BANK_1                    
C:   0000000A  l_GSINIT2                       
C:   00000010  s_REG_BANK_2                    
C:   00000018  s_BIT_BANK                      
C:   00000018  s_REG_BANK_3                    
C:   00000020  s_BSEG_BYTES                    
C:   00000020  s__CODE                         
C:   00000022  l_GSINIT3                       
C:   0000002A  l_GSINIT4                       
C:   0000002F  l_CONST                         
C:   0000004B  s_OSEG                          
C:   0000004C  l_HOME                          
ASxxxx Linker V03.00/V05.40 + sdld,  page 2.
Hexadecimal  [32-Bits]

Area                                    Addr        Size        Decimal Bytes (Attributes)
--------------------------------        ----        ----        ------- ----- ------------
CABS                                00000000    00000000 =           0. bytes (ABS,CON,CODE)

      Value  Global                              Global Defined In Module
      -----  --------------------------------   ------------------------
C:   0000004C  s_GSINIT0                       
C:   0000004E  s_ISEG                          
C:   0000004F  s_GSINIT1                       
C:   0000004F  s_GSINIT2                       
C:   00000054  s_SSEG                          
C:   00000059  s_GSINIT3                       
C:   0000007B  s_GSINIT4                       
C:   00000080  l_DSEG                          
C:   000000A5  s_GSFINAL                       
C:   000000A5  s_GSINIT                        
C:   000000A5  s_GSINIT5                       
C:   000000A8  s_CSEG                          
C:   000000AC  l_SSEG                          
C:   00000100  l_IRAM                          
C:   00000AFE  l_CSEG                          
C:   00000BA6  s_CONST                         
C:   00000BD5  s_XINIT                         

ASxxxx Linker V03.00/V05.40 + sdld,  page 3.
Hexadecimal  [32-Bits]

Area                                    Addr        Size        Decimal Bytes (Attributes)
--------------------------------        ----        ----        ------- ----- ------------
.  .ABS.                            00000000    00000000 =           0. bytes (ABS,CON)

      Value  Global                              Global Defined In Module
      -----  --------------------------------   ------------------------
     00000000  .__.ABS.                           _startup
     00000080  _P0                                firmware_1746319894
     00000080  _P0_0                              firmware_1746319894
     00000081  _P0_1                              firmware_1746319894
     00000081  _SP                                firmware_1746319894
     00000082  _DPL                               firmware_1746319894
     00000082  _P0_2                              firmware_1746319894
     00000083  _DPH                               firmware_1746319894
     00000083  _P0_3                              firmware_1746319894
     00000084  _P0_4                              firmware_1746319894
     00000085  _P0_5                              firmware_1746319894
     00000086  _P0_6                              firmware_1746319894
     00000087  _P0_7                              firmware_1746319894
     00000087  _PCON                              firmware_1746319894
     00000088  _IT0                               firmware_1746319894
     00000088  _TCON                              firmware_1746319894
     00000089  _IE0                               firmware_1746319894
     00000089  _TMOD                              firmware_1746319894
     0000008A  _IT1                               firmware_1746319894
     0000008A  _TL0                               firmware_1746319894
     0000008B  _IE1                               firmware_1746319894
     0000008B  _TL1                               firmware_1746319894
     0000008C  _TH0                               firmware_1746319894
     0000008C  _TR0                               firmware_1746319894
     0000008D  _TF0                               firmware_1746319894
     0000008D  _TH1                               firmware_1746319894
     0000008E  _TR1                               firmware_1746319894
     0000008F  _TF1                               firmware_1746319894
     00000090  _P1                                firmware_1746319894
     00000090  _P1_0                              firmware_1746319894
     00000091  _P1_1                              firmware_1746319894
     00000092  _P1_2                              firmware_1746319894
     00000093  _P1_3                              firmware_1746319894
     00000094  _P1_4                              firmware_1746319894
     00000095  _P1_5                              firmware_1746319894
     00000096  _P1_6                              firmware_1746319894
     00000097  _P1_7                              firmware_1746319894
     00000098  _RI                                firmware_1746319894
     00000098  _SCON                              firmware_1746319894
     00000099  _SBUF                              firmware_1746319894
     00000099  _TI                                firmware_1746319894
     0000009A  _RB8                               firmware_1746319894
     0000009B  _TB8                               firmware_1746319894
     0000009C  _REN                               firmware_1746319894
     0000009D  _SM2                               firmware_1746319894
     0000009E  _SM1                               firmware_1746319894
     0000009F  _SM0                               firmware_1746319894
     000000A0  _P2                                firmware_1746319894
     000000A0  _P2_0                              firmware_1746319894
     000000A0  __XPAGE                            
ASxxxx Linker V03.00/V05.40 + sdld,  page 4.
Hexadecimal  [32-Bits]

Area                                    Addr        Size        Decimal Bytes (Attributes)
--------------------------------        ----        ----        ------- ----- ------------
.  .ABS.                            00000000    00000000 =           0. bytes (ABS,CON)

      Value  Global                              Global Defined In Module
      -----  --------------------------------   ------------------------
     000000A1  _P2_1                              firmware_1746319894
     000000A2  _P2_2                              firmware_1746319894
     000000A3  _P2_3                              firmware_1746319894
     000000A4  _P2_4                              firmware_1746319894
     000000A5  _P2_5                              firmware_1746319894
     000000A6  _P2_6                              firmware_1746319894
     000000A7  _P2_7                              firmware_1746319894
     000000A8  _EX0                               firmware_1746319894
     000000A8  _IE                                firmware_1746319894
     000000A9  _ET0                               firmware_1746319894
     000000AA  _EX1                               firmware_1746319894
     000000AB  _ET1                               firmware_1746319894
     000000AC  _ES                                firmware_1746319894
     000000AF  _EA                                firmware_1746319894
     000000B0  _P3                                firmware_1746319894
     000000B0  _P3_0                              firmware_1746319894
     000000B0  _RXD                               firmware_1746319894
     000000B1  _P3_1                              firmware_1746319894
     000000B1  _TXD                               firmware_1746319894
     000000B2  _INT0                              firmware_1746319894
     000000B2  _P3_2                              firmware_1746319894
     000000B3  _INT1                              firmware_1746319894
     000000B3  _P3_3                              firmware_1746319894
     000000B4  _P3_4                              firmware_1746319894
     000000B4  _T0                                firmware_1746319894
     000000B5  _P3_5                              firmware_1746319894
     000000B5  _T1                                firmware_1746319894
     000000B6  _P3_6                              firmware_1746319894
     000000B6  _WR                                firmware_1746319894
     000000B7  _P3_7                              firmware_1746319894
     000000B7  _RD                                firmware_1746319894
     000000B8  _IP                                firmware_1746319894
     000000B8  _PX0                               firmware_1746319894
     000000B9  _PT0                               firmware_1746319894
     000000BA  _PX1                               firmware_1746319894
     000000BB  _PT1                               firmware_1746319894
     000000BC  _PS                                firmware_1746319894
     000000D0  _P                                 firmware_1746319894
     000000D0  _PSW                               firmware_1746319894
     000000D1  _F1                                firmware_1746319894
     000000D2  _OV                                firmware_1746319894
     000000D3  _RS0                               firmware_1746319894
     000000D4  _RS1                               firmware_1746319894
     000000D5  _F0                                firmware_1746319894
     000000D6  _AC                                firmware_1746319894
     000000D7  _CY                                firmware_1746319894
     000000E0  _ACC                               firmware_1746319894
     000000F0  _B                                 firmware_1746319894
     000000F5  _B_5                               _gptrput
     000000F6  _B_6                               _gptrput
     000000F7  _B_7                               _gptrput

ASxxxx Linker V03.00/V05.40 + sdld,  page 5.
Hexadecimal  [32-Bits]

Area                                    Addr        Size        Decimal Bytes (Attributes)
--------------------------------        ----        ----        ------- ----- ------------
REG_BANK_0                          00000000    00000008 =           8. bytes (REL,OVR)

      Value  Global                              Global Defined In Module
      -----  --------------------------------   ------------------------
ASxxxx Linker V03.00/V05.40 + sdld,  page 6.
Hexadecimal  [32-Bits]

Area                                    Addr        Size        Decimal Bytes (Attributes)
--------------------------------        ----        ----        ------- ----- ------------
DSEG                                00000000    00000080 =         128. bytes (REL,CON)

      Value  Global                              Global Defined In Module
      -----  --------------------------------   ------------------------
     00000018  _vsprintf_PARM_2                   sprintf
     0000001B  _vsprintf_PARM_3                   sprintf
     0000001F  _bp                                _bp
     0000002D  __print_format_PARM_2              printf_large
     00000030  __print_format_PARM_3              printf_large
     00000033  __print_format_PARM_4              printf_large
ASxxxx Linker V03.00/V05.40 + sdld,  page 7.
Hexadecimal  [32-Bits]

Area                                    Addr        Size        Decimal Bytes (Attributes)
--------------------------------        ----        ----        ------- ----- ------------
OSEG                                0000004B    00000003 =           3. bytes (REL,OVR)

      Value  Global                              Global Defined In Module
      -----  --------------------------------   ------------------------
     0000004B  __gptrput_PARM_2                   _gptrput
     0000004B  __mulint_PARM_2                    _mulint

ASxxxx Linker V03.00/V05.40 + sdld,  page 8.
Hexadecimal  [32-Bits]

Area                                    Addr        Size        Decimal Bytes (Attributes)
--------------------------------        ----        ----        ------- ----- ------------
ISEG                                0000004E    00000006 =           6. bytes (REL,CON)

      Value  Global                              Global Defined In Module
      -----  --------------------------------   ------------------------
ASxxxx Linker V03.00/V05.40 + sdld,  page 9.
Hexadecimal  [32-Bits]

Area                                    Addr        Size        Decimal Bytes (Attributes)
--------------------------------        ----        ----        ------- ----- ------------
SSEG                                00000054    000000AC =         172. bytes (REL,OVR)

      Value  Global                              Global Defined In Module
      -----  --------------------------------   ------------------------
     00000054  __start__stack                     firmware_1746319894

ASxxxx Linker V03.00/V05.40 + sdld,  page 10.
Hexadecimal  [32-Bits]

Area                                    Addr        Size        Decimal Bytes (Attributes)
--------------------------------        ----        ----        ------- ----- ------------
HOME                                00000000    0000004C =          76. bytes (REL,CON,CODE)

      Value  Global                              Global Defined In Module
      -----  --------------------------------   ------------------------
C:   00000008  sdcc_atomic_exchange_rollback_st   firmware_1746319894
C:   0000002F  sdcc_atomic_exchange_gptr_impl     firmware_1746319894
C:   0000002F  sdcc_atomic_exchange_rollback_en   firmware_1746319894
C:   0000003F  sdcc_atomic_compare_exchange_gpt   firmware_1746319894
C:   00000049  __sdcc_program_startup             firmware_1746319894

ASxxxx Linker V03.00/V05.40 + sdld,  page 11.
Hexadecimal  [32-Bits]

Area                                    Addr        Size        Decimal Bytes (Attributes)
--------------------------------        ----        ----        ------- ----- ------------
GSINIT0                             0000004C    00000003 =           3. bytes (REL,CON,CODE)

      Value  Global                              Global Defined In Module
      -----  --------------------------------   ------------------------
C:   0000004C  __sdcc_gsinit_startup              

ASxxxx Linker V03.00/V05.40 + sdld,  page 12.
Hexadecimal  [32-Bits]

Area                                    Addr        Size        Decimal Bytes (Attributes)
--------------------------------        ----        ----        ------- ----- ------------
GSINIT2                             0000004F    0000000A =          10. bytes (REL,CON,CODE)

      Value  Global                              Global Defined In Module
      -----  --------------------------------   ------------------------
ASxxxx Linker V03.00/V05.40 + sdld,  page 13.
Hexadecimal  [32-Bits]

Area                                    Addr        Size        Decimal Bytes (Attributes)
--------------------------------        ----        ----        ------- ----- ------------
GSINIT3                             00000059    00000022 =          34. bytes (REL,CON,CODE)

      Value  Global                              Global Defined In Module
      -----  --------------------------------   ------------------------
C:   00000059  __mcs51_genXINIT                   

ASxxxx Linker V03.00/V05.40 + sdld,  page 14.
Hexadecimal  [32-Bits]

Area                                    Addr        Size        Decimal Bytes (Attributes)
--------------------------------        ----        ----        ------- ----- ------------
GSINIT4                             0000007B    0000002A =          42. bytes (REL,CON,CODE)

      Value  Global                              Global Defined In Module
      -----  --------------------------------   ------------------------
C:   0000007B  __mcs51_genRAMCLEAR                
C:   00000081  __mcs51_genXRAMCLEAR               

ASxxxx Linker V03.00/V05.40 + sdld,  page 15.
Hexadecimal  [32-Bits]

Area                                    Addr        Size        Decimal Bytes (Attributes)
--------------------------------        ----        ----        ------- ----- ------------
GSFINAL                             000000A5    00000003 =           3. bytes (REL,CON,CODE)

      Value  Global                              Global Defined In Module
      -----  --------------------------------   ------------------------
ASxxxx Linker V03.00/V05.40 + sdld,  page 16.
Hexadecimal  [32-Bits]

Area                                    Addr        Size        Decimal Bytes (Attributes)
--------------------------------        ----        ----        ------- ----- ------------
CSEG                                000000A8    00000AFE =        2814. bytes (REL,CON,CODE)

      Value  Global                              Global Defined In Module
      -----  --------------------------------   ------------------------
C:   000000A8  _main                              firmware_1746319894
C:   000000FB  _init_system                       firmware_1746319894
C:   000000FC  _delay_ms                          firmware_1746319894
C:   00000120  _read_adc                          firmware_1746319894
C:   00000124  _read_temperature                  firmware_1746319894
C:   0000015C  _init_uart                         firmware_1746319894
C:   0000016D  _uart_tx_char                      firmware_1746319894
C:   00000176  _uart_tx_string                    firmware_1746319894
C:   000001A1  ___fsmul                           _fsmul
C:   00000244  fsgetargs                          _fsget2args
C:   00000272  fs_normalize_a                     _fsnormalize
C:   00000315  _vsprintf                          sprintf
C:   00000352  _sprintf                           sprintf
C:   0000039D  ___uint2fs                         _uint2fs
C:   000003A9  fs_round_and_return                _fsreturnval
C:   000003C1  fs_zerocheck_return                _fsreturnval
C:   000003CA  fs_return_zero                     _fsreturnval
C:   000003D2  fs_direct_return                   _fsreturnval
C:   000003E0  fs_return_inf                      _fsreturnval
C:   000003ED  fs_return_nan                      _fsreturnval
C:   0000048F  __print_format                     printf_large
C:   00000B23  _strlen                            strlen
C:   00000B3B  __mulint                           _mulint
C:   00000B3B  __mulint_dummy                     _mulint
C:   00000B58  __gptrget                          _gptrget
C:   00000B74  ___ulong2fs                        _ulong2fs
C:   00000B7D  ulong2fs_doit                      _ulong2fs
C:   00000B87  __gptrput                          _gptrput
C:   00000BA2  ___sdcc_external_startup           _startup

ASxxxx Linker V03.00/V05.40 + sdld,  page 17.
Hexadecimal  [32-Bits]

Area                                    Addr        Size        Decimal Bytes (Attributes)
--------------------------------        ----        ----        ------- ----- ------------
CONST                               00000BA6    0000002F =          47. bytes (REL,CON,CODE)

      Value  Global                              Global Defined In Module
      -----  --------------------------------   ------------------------
ASxxxx Linker V03.00/V05.40 + sdld,  page 18.

Files Linked                              [ module(s) ]

firmware_1746319894.rel                   [  ]


Libraries Linked                          [ object file ]

/opt/homebrew/bin/../share/sdcc/lib/small/libfloat.lib
                                          [ _fsmul.rel ]
/opt/homebrew/bin/../share/sdcc/lib/small/libfloat.lib
                                          [ _fsget2args.rel ]
/opt/homebrew/bin/../share/sdcc/lib/small/mcs51.lib
                                          [ crtclear.rel ]
/opt/homebrew/bin/../share/sdcc/lib/small/libfloat.lib
                                          [ _fsnormalize.rel ]
/opt/homebrew/bin/../share/sdcc/lib/small/mcs51.lib
                                          [ crtxinit.rel ]
/opt/homebrew/bin/../share/sdcc/lib/small/mcs51.lib
                                          [ crtxclear.rel ]
/opt/homebrew/bin/../share/sdcc/lib/small/libsdcc.lib
                                          [ sprintf.rel ]
/opt/homebrew/bin/../share/sdcc/lib/small/libfloat.lib
                                          [ _uint2fs.rel ]
/opt/homebrew/bin/../share/sdcc/lib/small/libsdcc.lib
                                          [ _bp.rel ]
/opt/homebrew/bin/../share/sdcc/lib/small/libfloat.lib
                                          [ _fsreturnval.rel ]
/opt/homebrew/bin/../share/sdcc/lib/small/libsdcc.lib
                                          [ printf_large.rel ]
/opt/homebrew/bin/../share/sdcc/lib/small/mcs51.lib
                                          [ crtpagesfr.rel ]
/opt/homebrew/bin/../share/sdcc/lib/small/libsdcc.lib
                                          [ strlen.rel ]
/opt/homebrew/bin/../share/sdcc/lib/small/libint.lib
                                          [ _mulint.rel ]
/opt/homebrew/bin/../share/sdcc/lib/small/mcs51.lib
                                          [ crtstart.rel ]
/opt/homebrew/bin/../share/sdcc/lib/small/libsdcc.lib
                                          [ _gptrget.rel ]
/opt/homebrew/bin/../share/sdcc/lib/small/libfloat.lib
                                          [ _ulong2fs.rel ]
/opt/homebrew/bin/../share/sdcc/lib/small/libsdcc.lib
                                          [ _gptrput.rel ]
/opt/homebrew/bin/../share/sdcc/lib/small/libsdcc.lib
                                          [ _startup.rel ]

ASxxxx Linker V03.00/V05.40 + sdld,  page 19.

User Base Address Definitions

HOME = 0x0000
XSEG = 0x0001
PSEG = 0x0001
ISEG = 0x0000
BSEG = 0x0000

